------------------------------------------------------------
Timing Analyzer Summary
------------------------------------------------------------

Type  : Slow 1200mV 85C Model Setup 'new_clock'
Slack : 4.434
TNS   : 0.000

Type  : Slow 1200mV 85C Model Setup 'clk'
Slack : 14.311
TNS   : 0.000

Type  : Slow 1200mV 85C Model Setup 'seven_segment:seven_segment_0|cnt[15]'
Slack : 998.953
TNS   : 0.000

Type  : Slow 1200mV 85C Model Hold 'new_clock'
Slack : 0.452
TNS   : 0.000

Type  : Slow 1200mV 85C Model Hold 'seven_segment:seven_segment_0|cnt[15]'
Slack : 0.453
TNS   : 0.000

Type  : Slow 1200mV 85C Model Hold 'clk'
Slack : 0.465
TNS   : 0.000

Type  : Slow 1200mV 85C Model Minimum Pulse Width 'seven_segment:seven_segment_0|cnt[15]'
Slack : 0.286
TNS   : 0.000

Type  : Slow 1200mV 85C Model Minimum Pulse Width 'clk'
Slack : 9.783
TNS   : 0.000

Type  : Slow 1200mV 85C Model Minimum Pulse Width 'new_clock'
Slack : 19.682
TNS   : 0.000

Type  : Slow 1200mV 85C Model Minimum Pulse Width 'debounce:debounce_rst|new_slow_clock[21]'
Slack : 4999.793
TNS   : 0.000

Type  : Slow 1200mV 0C Model Setup 'new_clock'
Slack : 5.239
TNS   : 0.000

Type  : Slow 1200mV 0C Model Setup 'clk'
Slack : 14.789
TNS   : 0.000

Type  : Slow 1200mV 0C Model Setup 'seven_segment:seven_segment_0|cnt[15]'
Slack : 999.053
TNS   : 0.000

Type  : Slow 1200mV 0C Model Hold 'new_clock'
Slack : 0.401
TNS   : 0.000

Type  : Slow 1200mV 0C Model Hold 'seven_segment:seven_segment_0|cnt[15]'
Slack : 0.402
TNS   : 0.000

Type  : Slow 1200mV 0C Model Hold 'clk'
Slack : 0.416
TNS   : 0.000

Type  : Slow 1200mV 0C Model Minimum Pulse Width 'seven_segment:seven_segment_0|cnt[15]'
Slack : 0.274
TNS   : 0.000

Type  : Slow 1200mV 0C Model Minimum Pulse Width 'clk'
Slack : 9.773
TNS   : 0.000

Type  : Slow 1200mV 0C Model Minimum Pulse Width 'new_clock'
Slack : 19.711
TNS   : 0.000

Type  : Slow 1200mV 0C Model Minimum Pulse Width 'debounce:debounce_rst|new_slow_clock[21]'
Slack : 4999.789
TNS   : 0.000

Type  : Fast 1200mV 0C Model Setup 'new_clock'
Slack : 12.978
TNS   : 0.000

Type  : Fast 1200mV 0C Model Setup 'clk'
Slack : 17.433
TNS   : 0.000

Type  : Fast 1200mV 0C Model Setup 'seven_segment:seven_segment_0|cnt[15]'
Slack : 999.542
TNS   : 0.000

Type  : Fast 1200mV 0C Model Hold 'new_clock'
Slack : 0.184
TNS   : 0.000

Type  : Fast 1200mV 0C Model Hold 'seven_segment:seven_segment_0|cnt[15]'
Slack : 0.186
TNS   : 0.000

Type  : Fast 1200mV 0C Model Hold 'clk'
Slack : 0.193
TNS   : 0.000

Type  : Fast 1200mV 0C Model Minimum Pulse Width 'seven_segment:seven_segment_0|cnt[15]'
Slack : 0.330
TNS   : 0.000

Type  : Fast 1200mV 0C Model Minimum Pulse Width 'clk'
Slack : 9.435
TNS   : 0.000

Type  : Fast 1200mV 0C Model Minimum Pulse Width 'new_clock'
Slack : 19.710
TNS   : 0.000

Type  : Fast 1200mV 0C Model Minimum Pulse Width 'debounce:debounce_rst|new_slow_clock[21]'
Slack : 4999.786
TNS   : 0.000

------------------------------------------------------------
