------------------------------------------------------------
Timing Analyzer Summary
------------------------------------------------------------

Type  : Slow 1200mV 100C Model Setup 'clk'
Slack : -0.658
TNS   : -0.988

Type  : Slow 1200mV 100C Model Hold 'clk'
Slack : 0.405
TNS   : 0.000

Type  : Slow 1200mV 100C Model Minimum Pulse Width 'clk'
Slack : 9.646
TNS   : 0.000

Type  : Slow 1200mV 100C Model Minimum Pulse Width 'debounce:debounce_rst|new_slow_clock[21]'
Slack : 4999.781
TNS   : 0.000

Type  : Slow 1200mV -40C Model Setup 'clk'
Slack : 0.424
TNS   : 0.000

Type  : Slow 1200mV -40C Model Hold 'clk'
Slack : 0.334
TNS   : 0.000

Type  : Slow 1200mV -40C Model Minimum Pulse Width 'clk'
Slack : 9.656
TNS   : 0.000

Type  : Slow 1200mV -40C Model Minimum Pulse Width 'debounce:debounce_rst|new_slow_clock[21]'
Slack : 4999.789
TNS   : 0.000

Type  : Fast 1200mV -40C Model Setup 'clk'
Slack : 4.469
TNS   : 0.000

Type  : Fast 1200mV -40C Model Hold 'clk'
Slack : 0.172
TNS   : 0.000

Type  : Fast 1200mV -40C Model Minimum Pulse Width 'clk'
Slack : 9.381
TNS   : 0.000

Type  : Fast 1200mV -40C Model Minimum Pulse Width 'debounce:debounce_rst|new_slow_clock[21]'
Slack : 4999.786
TNS   : 0.000

------------------------------------------------------------
